// Jest Snapshot v1, https://goo.gl/fbAQLP

exports[`renders correctly 1`] = `
<section
  class="section contact-section"
  id="contact"
>
  <div
    class="center-box-container"
  >
    <h1
      class="--centered"
      data-test="contact-title"
    >
      Let’s work together... 
    </h1>
    <span
      class="contact-section__subtitle --centered"
    >
      contact me at
    </span>
    <div
      class="social-media-bar"
    >
      <a
        class="social-media-bar__link"
        data-test="in-icon"
        href="https://www.linkedin.com/in/jose-alvis-peña-bonnet-b0194820"
        target="_blanck"
        title="linkedIn profile"
      >
        <font-awesome-icon
          icon="fab,linkedin"
        />
      </a>
      <a
        class="social-media-bar__link"
        data-test="github-icon"
        href="https://github.com/josealvis"
        target="_blanck"
        title="github profile"
      >
        <font-awesome-icon
          icon="fab,github"
        />
      </a>
      <a
        class="social-media-bar__link"
        data-test="email-icon"
        href="mailto: jalvis9114@gmail.com"
        title="Send me a email"
      >
        <font-awesome-icon
          icon="fas,envelope"
        />
      </a>
    </div>
  </div>
</section>
`;
