// Jest Snapshot v1, https://goo.gl/fbAQLP

exports[`renders correctly 1`] = `
<section
  class="section intro-section"
  data-test="intro"
  id="intro"
>
  <div
    class="center-box-container"
  >
    <h1
      class="intro-section__title"
      data-test="title"
    >
      Jose Alvis Pena
    </h1>
    <span
      class="intro-section__subtitle"
    >
      Fullstack web developer
    </span>
    <label
      class="--hidden-accesibility"
      for="input-name"
    >
      Type your name and press "ENTER"
    </label>
    <form
      name="form-vister-name"
    >
      <input
        autofocus=""
        class="intro-section__input-name"
        id="input-name"
        name="name"
        placeholder="Type your name and press \\"ENTER\\"."
        type="text"
      />
    </form>
  </div>
</section>
`;
