// Jest Snapshot v1, https://goo.gl/fbAQLP

exports[`renders correctly 1`] = `
<section
  data-test="intro"
  id="intro"
>
  <div
    class="center-box-container"
  >
    <h1
      id="title"
    >
      Jose Alvis Pena
    </h1>
    <span
      id="subtitle"
    >
      Fullstack web developer
    </span>
    <label
      class="hidden-accesibility"
      for="input-name"
    >
      Type your name and press "ENTER"
    </label>
    <form
      name="form-vister-name"
    >
      <input
        autofocus=""
        id="input-name"
        name="name"
        placeholder="Type your name and press \\"ENTER\\"."
        type="text"
      />
    </form>
  </div>
</section>
`;
